Tipo: <class 'TypeError'> - Mensaje: remover_usuario() takes 0 positional arguments but 1 was given
Tipo: <class 'KeyError'> - Mensaje: '0'
Tipo: <class 'UnboundLocalError'> - Mensaje: cannot access local variable 'contador' where it is not associated with a value
Tipo: <class 'KeyError'> - Mensaje: 0
Tipo: <class 'KeyError'> - Mensaje: 'nom_usuario'
Tipo: <class 'TypeError'> - Mensaje: 'NoneType' object is not subscriptable
Tipo: <class 'TypeError'> - Mensaje: 'NoneType' object is not subscriptable
Tipo: <class 'Exception'> - Mensaje: No hay usuarios registrados
Tipo: <class 'TypeError'> - Mensaje: logica_menu_principal() missing 1 required positional argument: 'usuario'
Tipo: <class 'TypeError'> - Mensaje: logica_menu_usuarios() missing 1 required positional argument: 'dic_usuarios'
Tipo: <class 'TypeError'> - Mensaje: logica_menu_usuarios() missing 1 required positional argument: 'dic_usuarios'
Tipo: <class 'TypeError'> - Mensaje: logica_menu_usuarios() missing 1 required positional argument: 'dic_usuarios'
Tipo: <class 'IndexError'> - Mensaje: list index out of range
Tipo: <class 'IndexError'> - Mensaje: list index out of range
Tipo: <class 'IndexError'> - Mensaje: list index out of range
Tipo: <class 'TypeError'> - Mensaje: logica_menu_usuarios() missing 1 required positional argument: 'dic_usuarios'
Tipo: <class 'TypeError'> - Mensaje: logica_menu_usuarios() missing 1 required positional argument: 'dic_usuarios'
Tipo: <class 'TypeError'> - Mensaje: logica_menu_usuarios() missing 1 required positional argument: 'dic_usuarios'
Tipo: <class 'TypeError'> - Mensaje: logica_menu_usuarios() missing 1 required positional argument: 'dic_usuarios'
Tipo: <class 'TypeError'> - Mensaje: logica_menu_usuarios() missing 1 required positional argument: 'dic_usuarios'
